Archive member included to satisfy reference by file (symbol)

C:/ST/STM32CubeIDE_1.17.0/STM32CubeIDE/plugins/com.st.stm32cube.ide.mcu.externaltools.gnu-tools-for-stm32.12.3.rel1.win32_1.1.0.202410251130/tools/bin/../lib/gcc/arm-none-eabi/12.3.1/../../../../arm-none-eabi/lib/thumb/v6-m/nofp\libc_nano.a(libc_a-exit.o)
                              C:/ST/STM32CubeIDE_1.17.0/STM32CubeIDE/plugins/com.st.stm32cube.ide.mcu.externaltools.gnu-tools-for-stm32.12.3.rel1.win32_1.1.0.202410251130/tools/bin/../lib/gcc/arm-none-eabi/12.3.1/../../../../arm-none-eabi/lib/thumb/v6-m/nofp/crt0.o (exit)
C:/ST/STM32CubeIDE_1.17.0/STM32CubeIDE/plugins/com.st.stm32cube.ide.mcu.externaltools.gnu-tools-for-stm32.12.3.rel1.win32_1.1.0.202410251130/tools/bin/../lib/gcc/arm-none-eabi/12.3.1/../../../../arm-none-eabi/lib/thumb/v6-m/nofp\libc_nano.a(libc_a-findfp.o)
                              C:/ST/STM32CubeIDE_1.17.0/STM32CubeIDE/plugins/com.st.stm32cube.ide.mcu.externaltools.gnu-tools-for-stm32.12.3.rel1.win32_1.1.0.202410251130/tools/bin/../lib/gcc/arm-none-eabi/12.3.1/../../../../arm-none-eabi/lib/thumb/v6-m/nofp\libc_nano.a(libc_a-exit.o) (__stdio_exit_handler)
C:/ST/STM32CubeIDE_1.17.0/STM32CubeIDE/plugins/com.st.stm32cube.ide.mcu.externaltools.gnu-tools-for-stm32.12.3.rel1.win32_1.1.0.202410251130/tools/bin/../lib/gcc/arm-none-eabi/12.3.1/../../../../arm-none-eabi/lib/thumb/v6-m/nofp\libc_nano.a(libc_a-fwalk.o)
                              C:/ST/STM32CubeIDE_1.17.0/STM32CubeIDE/plugins/com.st.stm32cube.ide.mcu.externaltools.gnu-tools-for-stm32.12.3.rel1.win32_1.1.0.202410251130/tools/bin/../lib/gcc/arm-none-eabi/12.3.1/../../../../arm-none-eabi/lib/thumb/v6-m/nofp\libc_nano.a(libc_a-findfp.o) (_fwalk_sglue)
C:/ST/STM32CubeIDE_1.17.0/STM32CubeIDE/plugins/com.st.stm32cube.ide.mcu.externaltools.gnu-tools-for-stm32.12.3.rel1.win32_1.1.0.202410251130/tools/bin/../lib/gcc/arm-none-eabi/12.3.1/../../../../arm-none-eabi/lib/thumb/v6-m/nofp\libc_nano.a(libc_a-stdio.o)
                              C:/ST/STM32CubeIDE_1.17.0/STM32CubeIDE/plugins/com.st.stm32cube.ide.mcu.externaltools.gnu-tools-for-stm32.12.3.rel1.win32_1.1.0.202410251130/tools/bin/../lib/gcc/arm-none-eabi/12.3.1/../../../../arm-none-eabi/lib/thumb/v6-m/nofp\libc_nano.a(libc_a-findfp.o) (__sread)
C:/ST/STM32CubeIDE_1.17.0/STM32CubeIDE/plugins/com.st.stm32cube.ide.mcu.externaltools.gnu-tools-for-stm32.12.3.rel1.win32_1.1.0.202410251130/tools/bin/../lib/gcc/arm-none-eabi/12.3.1/../../../../arm-none-eabi/lib/thumb/v6-m/nofp\libc_nano.a(libc_a-memset.o)
                              C:/ST/STM32CubeIDE_1.17.0/STM32CubeIDE/plugins/com.st.stm32cube.ide.mcu.externaltools.gnu-tools-for-stm32.12.3.rel1.win32_1.1.0.202410251130/tools/bin/../lib/gcc/arm-none-eabi/12.3.1/../../../../arm-none-eabi/lib/thumb/v6-m/nofp/crt0.o (memset)
C:/ST/STM32CubeIDE_1.17.0/STM32CubeIDE/plugins/com.st.stm32cube.ide.mcu.externaltools.gnu-tools-for-stm32.12.3.rel1.win32_1.1.0.202410251130/tools/bin/../lib/gcc/arm-none-eabi/12.3.1/../../../../arm-none-eabi/lib/thumb/v6-m/nofp\libc_nano.a(libc_a-closer.o)
                              C:/ST/STM32CubeIDE_1.17.0/STM32CubeIDE/plugins/com.st.stm32cube.ide.mcu.externaltools.gnu-tools-for-stm32.12.3.rel1.win32_1.1.0.202410251130/tools/bin/../lib/gcc/arm-none-eabi/12.3.1/../../../../arm-none-eabi/lib/thumb/v6-m/nofp\libc_nano.a(libc_a-stdio.o) (_close_r)
C:/ST/STM32CubeIDE_1.17.0/STM32CubeIDE/plugins/com.st.stm32cube.ide.mcu.externaltools.gnu-tools-for-stm32.12.3.rel1.win32_1.1.0.202410251130/tools/bin/../lib/gcc/arm-none-eabi/12.3.1/../../../../arm-none-eabi/lib/thumb/v6-m/nofp\libc_nano.a(libc_a-reent.o)
                              C:/ST/STM32CubeIDE_1.17.0/STM32CubeIDE/plugins/com.st.stm32cube.ide.mcu.externaltools.gnu-tools-for-stm32.12.3.rel1.win32_1.1.0.202410251130/tools/bin/../lib/gcc/arm-none-eabi/12.3.1/../../../../arm-none-eabi/lib/thumb/v6-m/nofp\libc_nano.a(libc_a-closer.o) (errno)
C:/ST/STM32CubeIDE_1.17.0/STM32CubeIDE/plugins/com.st.stm32cube.ide.mcu.externaltools.gnu-tools-for-stm32.12.3.rel1.win32_1.1.0.202410251130/tools/bin/../lib/gcc/arm-none-eabi/12.3.1/../../../../arm-none-eabi/lib/thumb/v6-m/nofp\libc_nano.a(libc_a-impure.o)
                              C:/ST/STM32CubeIDE_1.17.0/STM32CubeIDE/plugins/com.st.stm32cube.ide.mcu.externaltools.gnu-tools-for-stm32.12.3.rel1.win32_1.1.0.202410251130/tools/bin/../lib/gcc/arm-none-eabi/12.3.1/../../../../arm-none-eabi/lib/thumb/v6-m/nofp\libc_nano.a(libc_a-reent.o) (_impure_ptr)
C:/ST/STM32CubeIDE_1.17.0/STM32CubeIDE/plugins/com.st.stm32cube.ide.mcu.externaltools.gnu-tools-for-stm32.12.3.rel1.win32_1.1.0.202410251130/tools/bin/../lib/gcc/arm-none-eabi/12.3.1/../../../../arm-none-eabi/lib/thumb/v6-m/nofp\libc_nano.a(libc_a-lseekr.o)
[...]
Memory Configuration

Name             Origin             Length             Attributes
RAM              0x20000000         0x00024000         xrw
FLASH            0x08000000         0x00080000         xr
*default*        0x00000000         0xffffffff

Linker script and memory map

LOAD C:/ST/STM32CubeIDE_1.17.0/STM32CubeIDE/plugins/com.st.stm32cube.ide.mcu.externaltools.gnu-tools-for-stm32.12.3.rel1.win32_1.1.0.202410251130/tools/bin/../lib/gcc/arm-none-eabi/12.3.1/thumb/v6-m/nofp/crti.o
LOAD C:/ST/STM32CubeIDE_1.17.0/STM32CubeIDE/plugins/com.st.stm32cube.ide.mcu.externaltools.gnu-tools-for-stm32.12.3.rel1.win32_1.1.0.202410251130/tools/bin/../lib/gcc/arm-none-eabi/12.3.1/thumb/v6-m/nofp/crtbegin.o
LOAD C:/ST/STM32CubeIDE_1.17.0/STM32CubeIDE/plugins/com.st.stm32cube.ide.mcu.externaltools.gnu-tools-for-stm32.12.3.rel1.win32_1.1.0.202410251130/tools/bin/../lib/gcc/arm-none-eabi/12.3.1/../../../../arm-none-eabi/lib/thumb/v6-m/nofp/crt0.o
LOAD ./Core/Src/Fan_Controller.o
LOAD ./Core/Src/adc.o
LOAD ./Core/Src/dma.o
LOAD ./Core/Src/gpio.o
LOAD ./Core/Src/lcd.o
LOAD ./Core/Src/main.o
LOAD ./Core/Src/stm32g0xx_hal_msp.o
LOAD ./Core/Src/stm32g0xx_it.o
LOAD ./Core/Src/syscalls.o
LOAD ./Core/Src/sysmem.o
LOAD ./Core/Src/system_stm32g0xx.o
LOAD ./Core/Src/tim.o
LOAD ./Core/Startup/startup_stm32g0b1retx.o
LOAD ./Drivers/STM32G0xx_HAL_Driver/Src/stm32g0xx_hal.o
LOAD ./Drivers/STM32G0xx_HAL_Driver/Src/stm32g0xx_hal_adc.o
LOAD ./Drivers/STM32G0xx_HAL_Driver/Src/stm32g0xx_hal_adc_ex.o
LOAD ./Drivers/STM32G0xx_HAL_Driver/Src/stm32g0xx_hal_cortex.o
LOAD ./Drivers/STM32G0xx_HAL_Driver/Src/stm32g0xx_hal_dma.o
LOAD ./Drivers/STM32G0xx_HAL_Driver/Src/stm32g0xx_hal_dma_ex.o
LOAD ./Drivers/STM32G0xx_HAL_Driver/Src/stm32g0xx_hal_exti.o
LOAD ./Drivers/STM32G0xx_HAL_Driver/Src/stm32g0xx_hal_flash.o
LOAD ./Drivers/STM32G0xx_HAL_Driver/Src/stm32g0xx_hal_flash_ex.o
LOAD ./Drivers/STM32G0xx_HAL_Driver/Src/stm32g0xx_hal_gpio.o
LOAD ./Drivers/STM32G0xx_HAL_Driver/Src/stm32g0xx_hal_pwr.o
LOAD ./Drivers/STM32G0xx_HAL_Driver/Src/stm32g0xx_hal_pwr_ex.o
LOAD ./Drivers/STM32G0xx_HAL_Driver/Src/stm32g0xx_hal_rcc.o
LOAD ./Drivers/STM32G0xx_HAL_Driver/Src/stm32g0xx_hal_rcc_ex.o
LOAD ./Drivers/STM32G0xx_HAL_Driver/Src/stm32g0xx_hal_tim.o
LOAD ./Drivers/STM32G0xx_HAL_Driver/Src/stm32g0xx_hal_tim_ex.o
LOAD ./Drivers/STM32G0xx_HAL_Driver/Src/stm32g0xx_ll_adc.o
LOAD ./Drivers/STM32G0xx_HAL_Driver/Src/stm32g0xx_ll_rcc.o
START GROUP
LOAD C:/ST/STM32CubeIDE_1.17.0/STM32CubeIDE/plugins/com.st.stm32cube.ide.mcu.externaltools.gnu-tools-for-stm32.12.3.rel1.win32_1.1.0.202410251130/tools/bin/../lib/gcc/arm-none-eabi/12.3.1/../../../../arm-none-eabi/lib/thumb/v6-m/nofp\libc_nano.a
LOAD C:/ST/STM32CubeIDE_1.17.0/STM32CubeIDE/plugins/com.st.stm32cube.ide.mcu.externaltools.gnu-tools-for-stm32.12.3.rel1.win32_1.1.0.202410251130/tools/bin/../lib/gcc/arm-none-eabi/12.3.1/../../../../arm-none-eabi/lib/thumb/v6-m/nofp\libm.a
END GROUP
START GROUP
LOAD C:/ST/STM32CubeIDE_1.17.0/STM32CubeIDE/plugins/com.st.stm32cube.ide.mcu.externaltools.gnu-tools-for-stm32.12.3.rel1.win32_1.1.0.202410251130/tools/bin/../lib/gcc/arm-none-eabi/12.3.1/thumb/v6-m/nofp\libgcc.a
LOAD C:/ST/STM32CubeIDE_1.17.0/STM32CubeIDE/plugins/com.st.stm32cube.ide.mcu.externaltools.gnu-tools-for-stm32.12.3.rel1.win32_1.1.0.202410251130/tools/bin/../lib/gcc/arm-none-eabi/12.3.1/../../../../arm-none-eabi/lib/thumb/v6-m/nofp\libc_nano.a
END GROUP
START GROUP
LOAD C:/ST/STM32CubeIDE_1.17.0/STM32CubeIDE/plugins/com.st.stm32cube.ide.mcu.externaltools.gnu-tools-for-stm32.12.3.rel1.win32_1.1.0.202410251130/tools/bin/../lib/gcc/arm-none-eabi/12.3.1/thumb/v6-m/nofp\libgcc.a
LOAD C:/ST/STM32CubeIDE_1.17.0/STM32CubeIDE/plugins/com.st.stm32cube.ide.mcu.externaltools.gnu-tools-for-stm32.12.3.rel1.win32_1.1.0.202410251130/tools/bin/../lib/gcc/arm-none-eabi/12.3.1/../../../../arm-none-eabi/lib/thumb/v6-m/nofp\libc_nano.a
LOAD C:/ST/STM32CubeIDE_1.17.0/STM32CubeIDE/plugins/com.st.stm32cube.ide.mcu.externaltools.gnu-tools-for-stm32.12.3.rel1.win32_1.1.0.202410251130/tools/bin/../lib/gcc/arm-none-eabi/12.3.1/../../../../arm-none-eabi/lib/thumb/v6-m/nofp\libnosys.a
END GROUP
START GROUP
LOAD C:/ST/STM32CubeIDE_1.17.0/STM32CubeIDE/plugins/com.st.stm32cube.ide.mcu.externaltools.gnu-tools-for-stm32.12.3.rel1.win32_1.1.0.202410251130/tools/bin/../lib/gcc/arm-none-eabi/12.3.1/thumb/v6-m/nofp\libgcc.a
LOAD C:/ST/STM32CubeIDE_1.17.0/STM32CubeIDE/plugins/com.st.stm32cube.ide.mcu.externaltools.gnu-tools-for-stm32.12.3.rel1.win32_1.1.0.202410251130/tools/bin/../lib/gcc/arm-none-eabi/12.3.1/../../../../arm-none-eabi/lib/thumb/v6-m/nofp\libc_nano.a
LOAD C:/ST/STM32CubeIDE_1.17.0/STM32CubeIDE/plugins/com.st.stm32cube.ide.mcu.externaltools.gnu-tools-for-stm32.12.3.rel1.win32_1.1.0.202410251130/tools/bin/../lib/gcc/arm-none-eabi/12.3.1/../../../../arm-none-eabi/lib/thumb/v6-m/nofp\libnosys.a
END GROUP
LOAD C:/ST/STM32CubeIDE_1.17.0/STM32CubeIDE/plugins/com.st.stm32cube.ide.mcu.externaltools.gnu-tools-for-stm32.12.3.rel1.win32_1.1.0.202410251130/tools/bin/../lib/gcc/arm-none-eabi/12.3.1/thumb/v6-m/nofp/crtend.o
LOAD C:/ST/STM32CubeIDE_1.17.0/STM32CubeIDE/plugins/com.st.stm32cube.ide.mcu.externaltools.gnu-tools-for-stm32.12.3.rel1.win32_1.1.0.202410251130/tools/bin/../lib/gcc/arm-none-eabi/12.3.1/thumb/v6-m/nofp/crtn.o
                0x20024000                        _estack = (ORIGIN (RAM) + LENGTH (RAM))
                0x00000200                        _Min_Heap_Size = 0x200
                0x00000400                        _Min_Stack_Size = 0x400

.isr_vector     0x08000000       0xbc
                0x08000000                        . = ALIGN (0x4)
 *(.isr_vector)
 .isr_vector    0x08000000       0xbc ./Core/Startup/startup_stm32g0b1retx.o
                0x08000000                g_pfnVectors
                0x080000bc                        . = ALIGN (0x4)

.text           0x080000bc     0x54c8
                0x080000bc                        . = ALIGN (0x4)
 *(.text)
 .text          0x080000bc       0x48 C:/ST/STM32CubeIDE_1.17.0/STM32CubeIDE/plugins/com.st.stm32cube.ide.mcu.externaltools.gnu-tools-for-stm32.12.3.rel1.win32_1.1.0.202410251130/tools/bin/../lib/gcc/arm-none-eabi/12.3.1/thumb/v6-m/nofp/crtbegin.o
 .text          0x08000104      0x114 C:/ST/STM32CubeIDE_1.17.0/STM32CubeIDE/plugins/com.st.stm32cube.ide.mcu.externaltools.gnu-tools-for-stm32.12.3.rel1.win32_1.1.0.202410251130/tools/bin/../lib/gcc/arm-none-eabi/12.3.1/thumb/v6-m/nofp\libgcc.a(_udivsi3.o)
                0x08000104                __aeabi_uidiv
                0x08000104                __udivsi3
                0x08000210                __aeabi_uidivmod
 .text          0x08000218      0x1d4 C:/ST/STM32CubeIDE_1.17.0/STM32CubeIDE/plugins/com.st.stm32cube.ide.mcu.externaltools.gnu-tools-for-stm32.12.3.rel1.win32_1.1.0.202410251130/tools/bin/../lib/gcc/arm-none-eabi/12.3.1/thumb/v6-m/nofp\libgcc.a(_divsi3.o)
                0x08000218                __divsi3
                0x08000218                __aeabi_idiv
                0x080003e4                __aeabi_idivmod
 .text          0x080003ec        0x4 C:/ST/STM32CubeIDE_1.17.0/STM32CubeIDE/plugins/com.st.stm32cube.ide.mcu.externaltools.gnu-tools-for-stm32.12.3.rel1.win32_1.1.0.202410251130/tools/bin/../lib/gcc/arm-none-eabi/12.3.1/thumb/v6-m/nofp\libgcc.a(_dvmd_tls.o)
                0x080003ec                __aeabi_idiv0
                0x080003ec                __aeabi_ldiv0
 *(.text*)
 .text.init_fan
                0x080003f0       0x60 ./Core/Src/Fan_Controller.o
                0x080003f0                init_fan
 .text.set_fan_speed
                0x08000450       0x7c ./Core/Src/Fan_Controller.o
                0x08000450                set_fan_speed
 .text.set_fan_speed2
                0x080004cc       0x7c ./Core/Src/Fan_Controller.o
                0x080004cc                set_fan_speed2
 .text.MX_ADC1_Init
                0x08000548      0x13c ./Core/Src/adc.o
                0x08000548                MX_ADC1_Init
 .text.HAL_ADC_MspInit
                0x08000684      0x160 ./Core/Src/adc.o
                0x08000684                HAL_ADC_MspInit
 .text.MX_DMA_Init
                0x080007e4       0x3c ./Core/Src/dma.o
                0x080007e4                MX_DMA_Init
 .text.MX_GPIO_Init
                0x08000820      0x108 ./Core/Src/gpio.o
                0x08000820                MX_GPIO_Init
 .text.send_to_lcd
                0x08000928       0xac ./Core/Src/lcd.o
                0x08000928                send_to_lcd
 .text.lcd_send_cmd
                0x080009d4       0x48 ./Core/Src/lcd.o
                0x080009d4                lcd_send_cmd
 .text.lcd_send_data
                0x08000a1c       0x48 ./Core/Src/lcd.o
                0x08000a1c                lcd_send_data
 .text.lcd_put_cur
                0x08000a64       0x3e ./Core/Src/lcd.o
                0x08000a64                lcd_put_cur
 .text.lcd_init
                0x08000aa2       0x7c ./Core/Src/lcd.o
                0x08000aa2                lcd_init
 .text.lcd_send_string
                0x08000b1e       0x2a ./Core/Src/lcd.o
                0x08000b1e                lcd_send_string
 .text.lcd_clear
                0x08000b48       0x16 ./Core/Src/lcd.o
                0x08000b48                lcd_clear
 *fill*         0x08000b5e        0x2 
 .text.HAL_ADC_ConvCpltCallback
                0x08000b60       0x54 ./Core/Src/main.o
                0x08000b60                HAL_ADC_ConvCpltCallback
 .text.main     0x08000bb4      0x564 ./Core/Src/main.o
                0x08000bb4                main
 .text.SystemClock_Config
                0x08001118       0x90 ./Core/Src/main.o
                0x08001118                SystemClock_Config
 .text.Error_Handler
                0x080011a8        0xc ./Core/Src/main.o
                0x080011a8                Error_Handler
 .text.HAL_MspInit
                0x080011b4       0x50 ./Core/Src/stm32g0xx_hal_msp.o
                0x080011b4                HAL_MspInit
 .text.NMI_Handler
                0x08001204        0x8 ./Core/Src/stm32g0xx_it.o
                0x08001204                NMI_Handler
 .text.HardFault_Handler
                0x0800120c        0x8 ./Core/Src/stm32g0xx_it.o
                0x0800120c                HardFault_Handler
 .text.SVC_Handler
                0x08001214        0xa ./Core/Src/stm32g0xx_it.o
                0x08001214                SVC_Handler
 .text.PendSV_Handler
                0x0800121e        0xa ./Core/Src/stm32g0xx_it.o
                0x0800121e                PendSV_Handler
 .text.SysTick_Handler
                0x08001228        0xe ./Core/Src/stm32g0xx_it.o
                0x08001228                SysTick_Handler
 *fill*         0x08001236        0x2 
 .text.DMA1_Channel1_IRQHandler
                0x08001238       0x18 ./Core/Src/stm32g0xx_it.o
                0x08001238                DMA1_Channel1_IRQHandler
 .text.ADC1_COMP_IRQHandler
                0x08001250       0x18 ./Core/Src/stm32g0xx_it.o
                0x08001250                ADC1_COMP_IRQHandler
 .text.SystemInit
                0x08001268        0xa ./Core/Src/system_stm32g0xx.o
                0x08001268                SystemInit
 *fill*         0x08001272        0x2 
 .text.MX_TIM1_Init
                0x08001274      0x1d8 ./Core/Src/tim.o
                0x08001274                MX_TIM1_Init
 .text.HAL_TIM_Base_MspInit
                0x0800144c       0x6c ./Core/Src/tim.o
                0x0800144c                HAL_TIM_Base_MspInit
 .text.HAL_TIM_MspPostInit
                0x080014b8       0xc4 ./Core/Src/tim.o
                0x080014b8                HAL_TIM_MspPostInit
 .text.Reset_Handler
                0x0800157c       0x50 ./Core/Startup/startup_stm32g0b1retx.o
                0x0800157c                Reset_Handler
 .text.Default_Handler
                0x080015cc        0x2 ./Core/Startup/startup_stm32g0b1retx.o
                0x080015cc                I2C2_3_IRQHandler
                0x080015cc                USART3_4_5_6_LPUART1_IRQHandler
                0x080015cc                TIM1_CC_IRQHandler
                0x080015cc                I2C1_IRQHandler
                0x080015cc                TIM7_LPTIM2_IRQHandler
                0x080015cc                TIM17_FDCAN_IT1_IRQHandler
                0x080015cc                DMA1_Ch4_7_DMA2_Ch1_5_DMAMUX1_OVR_IRQHandler
                0x080015cc                RCC_CRS_IRQHandler
                0x080015cc                RTC_TAMP_IRQHandler
                0x080015cc                SPI1_IRQHandler
                0x080015cc                USB_UCPD1_2_IRQHandler
                0x080015cc                EXTI2_3_IRQHandler
                0x080015cc                USART2_LPUART2_IRQHandler
                0x080015cc                PVD_VDDIO2_IRQHandler
                0x080015cc                EXTI4_15_IRQHandler
                0x080015cc                Default_Handler
                0x080015cc                CEC_IRQHandler
                0x080015cc                TIM14_IRQHandler
                0x080015cc                TIM15_IRQHandler
                0x080015cc                TIM3_TIM4_IRQHandler
                0x080015cc                EXTI0_1_IRQHandler
                0x080015cc                SPI2_3_IRQHandler
                0x080015cc                TIM6_DAC_LPTIM1_IRQHandler
                0x080015cc                WWDG_IRQHandler
                0x080015cc                TIM2_IRQHandler
                0x080015cc                DMA1_Channel2_3_IRQHandler
                0x080015cc                FLASH_IRQHandler
                0x080015cc                USART1_IRQHandler
                0x080015cc                TIM16_FDCAN_IT0_IRQHandler
                0x080015cc                TIM1_BRK_UP_TRG_COM_IRQHandler
 *fill*         0x080015ce        0x2 
 .text.HAL_Init
                0x080015d0       0x40 ./Drivers/STM32G0xx_HAL_Driver/Src/stm32g0xx_hal.o
                0x080015d0                HAL_Init
 .text.HAL_InitTick
                0x08001610       0x94 ./Drivers/STM32G0xx_HAL_Driver/Src/stm32g0xx_hal.o
                0x08001610                HAL_InitTick
 .text.HAL_IncTick
                0x080016a4       0x24 ./Drivers/STM32G0xx_HAL_Driver/Src/stm32g0xx_hal.o
                0x080016a4                HAL_IncTick
 .text.HAL_GetTick
                0x080016c8       0x14 ./Drivers/STM32G0xx_HAL_Driver/Src/stm32g0xx_hal.o
                0x080016c8                HAL_GetTick
 .text.HAL_Delay
                0x080016dc       0x48 ./Drivers/STM32G0xx_HAL_Driver/Src/stm32g0xx_hal.o
                0x080016dc                HAL_Delay
 .text.HAL_SYSCFG_StrobeDBattpinsConfig
                0x08001724       0x2c ./Drivers/STM32G0xx_HAL_Driver/Src/stm32g0xx_hal.o
                0x08001724                HAL_SYSCFG_StrobeDBattpinsConfig
 .text.LL_ADC_SetCommonPathInternalCh
                0x08001750       0x28 ./Drivers/STM32G0xx_HAL_Driver/Src/stm32g0xx_hal_adc.o
 .text.LL_ADC_GetCommonPathInternalCh
                0x08001778       0x1a ./Drivers/STM32G0xx_HAL_Driver/Src/stm32g0xx_hal_adc.o
 .text.LL_ADC_SetSamplingTimeCommonChannels
                0x08001792       0x3a ./Drivers/STM32G0xx_HAL_Driver/Src/stm32g0xx_hal_adc.o
 .text.LL_ADC_GetSamplingTimeCommonChannels
                0x080017cc       0x2e ./Drivers/STM32G0xx_HAL_Driver/Src/stm32g0xx_hal_adc.o
 .text.LL_ADC_REG_IsTriggerSourceSWStart
                0x080017fa       0x22 ./Drivers/STM32G0xx_HAL_Driver/Src/stm32g0xx_hal_adc.o
 .text.LL_ADC_REG_SetSequencerRanks
                0x0800181c       0x40 ./Drivers/STM32G0xx_HAL_Driver/Src/stm32g0xx_hal_adc.o
 .text.LL_ADC_REG_SetSequencerChAdd
                0x0800185c       0x22 ./Drivers/STM32G0xx_HAL_Driver/Src/stm32g0xx_hal_adc.o
 .text.LL_ADC_REG_SetSequencerChRem
                0x0800187e       0x24 ./Drivers/STM32G0xx_HAL_Driver/Src/stm32g0xx_hal_adc.o
 .text.LL_ADC_REG_GetDMATransfer
                0x080018a2       0x18 ./Drivers/STM32G0xx_HAL_Driver/Src/stm32g0xx_hal_adc.o
 *fill*         0x080018ba        0x2 
 .text.LL_ADC_SetChannelSamplingTime
                0x080018bc       0x38 ./Drivers/STM32G0xx_HAL_Driver/Src/stm32g0xx_hal_adc.o
 .text.LL_ADC_EnableInternalRegulator
                0x080018f4       0x28 ./Drivers/STM32G0xx_HAL_Driver/Src/stm32g0xx_hal_adc.o
 .text.LL_ADC_IsInternalRegulatorEnabled
                0x0800191c       0x28 ./Drivers/STM32G0xx_HAL_Driver/Src/stm32g0xx_hal_adc.o
 .text.LL_ADC_Enable
                0x08001944       0x24 ./Drivers/STM32G0xx_HAL_Driver/Src/stm32g0xx_hal_adc.o
 .text.LL_ADC_Disable
                0x08001968       0x24 ./Drivers/STM32G0xx_HAL_Driver/Src/stm32g0xx_hal_adc.o
 .text.LL_ADC_IsEnabled
                0x0800198c       0x22 ./Drivers/STM32G0xx_HAL_Driver/Src/stm32g0xx_hal_adc.o
 .text.LL_ADC_IsDisableOngoing
                0x080019ae       0x22 ./Drivers/STM32G0xx_HAL_Driver/Src/stm32g0xx_hal_adc.o
 .text.LL_ADC_REG_StartConversion
                0x080019d0       0x24 ./Drivers/STM32G0xx_HAL_Driver/Src/stm32g0xx_hal_adc.o
 .text.LL_ADC_REG_IsConversionOngoing
                0x080019f4       0x22 ./Drivers/STM32G0xx_HAL_Driver/Src/stm32g0xx_hal_adc.o
 *fill*         0x08001a16        0x2 
 .text.HAL_ADC_Init
                0x08001a18      0x350 ./Drivers/STM32G0xx_HAL_Driver/Src/stm32g0xx_hal_adc.o
                0x08001a18                HAL_ADC_Init
 .text.HAL_ADC_Start_DMA
                0x08001d68      0x11c ./Drivers/STM32G0xx_HAL_Driver/Src/stm32g0xx_hal_adc.o
                0x08001d68                HAL_ADC_Start_DMA
 .text.HAL_ADC_IRQHandler
                0x08001e84      0x230 ./Drivers/STM32G0xx_HAL_Driver/Src/stm32g0xx_hal_adc.o
                0x08001e84                HAL_ADC_IRQHandler
 .text.HAL_ADC_ConvHalfCpltCallback
                0x080020b4       0x10 ./Drivers/STM32G0xx_HAL_Driver/Src/stm32g0xx_hal_adc.o
                0x080020b4                HAL_ADC_ConvHalfCpltCallback
 .text.HAL_ADC_LevelOutOfWindowCallback
                0x080020c4       0x10 ./Drivers/STM32G0xx_HAL_Driver/Src/stm32g0xx_hal_adc.o
                0x080020c4                HAL_ADC_LevelOutOfWindowCallback
 .text.HAL_ADC_ErrorCallback
                0x080020d4       0x10 ./Drivers/STM32G0xx_HAL_Driver/Src/stm32g0xx_hal_adc.o
                0x080020d4                HAL_ADC_ErrorCallback
 .text.HAL_ADC_ConfigChannel
                0x080020e4      0x3b0 ./Drivers/STM32G0xx_HAL_Driver/Src/stm32g0xx_hal_adc.o
                0x080020e4                HAL_ADC_ConfigChannel
 .text.ADC_Enable
                0x08002494      0x10c ./Drivers/STM32G0xx_HAL_Driver/Src/stm32g0xx_hal_adc.o
                0x08002494                ADC_Enable
 .text.ADC_Disable
                0x080025a0       0xbc ./Drivers/STM32G0xx_HAL_Driver/Src/stm32g0xx_hal_adc.o
                0x080025a0                ADC_Disable
 .text.ADC_DMAConvCplt
                0x0800265c       0xc8 ./Drivers/STM32G0xx_HAL_Driver/Src/stm32g0xx_hal_adc.o
 .text.ADC_DMAHalfConvCplt
                0x08002724       0x1e ./Drivers/STM32G0xx_HAL_Driver/Src/stm32g0xx_hal_adc.o
 .text.ADC_DMAError
                0x08002742       0x36 ./Drivers/STM32G0xx_HAL_Driver/Src/stm32g0xx_hal_adc.o
 .text.LL_ADC_GetCommonClock
                0x08002778       0x1a ./Drivers/STM32G0xx_HAL_Driver/Src/stm32g0xx_hal_adc_ex.o
 .text.LL_ADC_GetClock
                0x08002792       0x18 ./Drivers/STM32G0xx_HAL_Driver/Src/stm32g0xx_hal_adc_ex.o
 .text.LL_ADC_SetCalibrationFactor
                0x080027aa       0x28 ./Drivers/STM32G0xx_HAL_Driver/Src/stm32g0xx_hal_adc_ex.o
 .text.LL_ADC_GetCalibrationFactor
                0x080027d2       0x1a ./Drivers/STM32G0xx_HAL_Driver/Src/stm32g0xx_hal_adc_ex.o
 .text.LL_ADC_Enable
                0x080027ec       0x24 ./Drivers/STM32G0xx_HAL_Driver/Src/stm32g0xx_hal_adc_ex.o
 .text.LL_ADC_Disable
                0x08002810       0x24 ./Drivers/STM32G0xx_HAL_Driver/Src/stm32g0xx_hal_adc_ex.o
 .text.LL_ADC_IsEnabled
                0x08002834       0x22 ./Drivers/STM32G0xx_HAL_Driver/Src/stm32g0xx_hal_adc_ex.o
 *fill*         0x08002856        0x2 
 .text.LL_ADC_StartCalibration
                0x08002858       0x28 ./Drivers/STM32G0xx_HAL_Driver/Src/stm32g0xx_hal_adc_ex.o
 .text.LL_ADC_IsCalibrationOnGoing
                0x08002880       0x26 ./Drivers/STM32G0xx_HAL_Driver/Src/stm32g0xx_hal_adc_ex.o
 *fill*         0x080028a6        0x2 
 .text.HAL_ADCEx_Calibration_Start
                0x080028a8      0x1f8 ./Drivers/STM32G0xx_HAL_Driver/Src/stm32g0xx_hal_adc_ex.o
                0x080028a8                HAL_ADCEx_Calibration_Start
 .text.HAL_ADCEx_LevelOutOfWindow2Callback
                0x08002aa0       0x10 ./Drivers/STM32G0xx_HAL_Driver/Src/stm32g0xx_hal_adc_ex.o
                0x08002aa0                HAL_ADCEx_LevelOutOfWindow2Callback
 .text.HAL_ADCEx_LevelOutOfWindow3Callback
                0x08002ab0       0x10 ./Drivers/STM32G0xx_HAL_Driver/Src/stm32g0xx_hal_adc_ex.o
                0x08002ab0                HAL_ADCEx_LevelOutOfWindow3Callback
 .text.HAL_ADCEx_EndOfSamplingCallback
                0x08002ac0       0x10 ./Drivers/STM32G0xx_HAL_Driver/Src/stm32g0xx_hal_adc_ex.o
                0x08002ac0                HAL_ADCEx_EndOfSamplingCallback
 .text.HAL_ADCEx_ChannelConfigReadyCallback
                0x08002ad0       0x10 ./Drivers/STM32G0xx_HAL_Driver/Src/stm32g0xx_hal_adc_ex.o
                0x08002ad0                HAL_ADCEx_ChannelConfigReadyCallback
 .text.__NVIC_EnableIRQ
                0x08002ae0       0x34 ./Drivers/STM32G0xx_HAL_Driver/Src/stm32g0xx_hal_cortex.o
 .text.__NVIC_SetPriority
                0x08002b14       0xdc ./Drivers/STM32G0xx_HAL_Driver/Src/stm32g0xx_hal_cortex.o
 .text.SysTick_Config
                0x08002bf0       0x48 ./Drivers/STM32G0xx_HAL_Driver/Src/stm32g0xx_hal_cortex.o
 .text.HAL_NVIC_SetPriority
                0x08002c38       0x2a ./Drivers/STM32G0xx_HAL_Driver/Src/stm32g0xx_hal_cortex.o
                0x08002c38                HAL_NVIC_SetPriority
 .text.HAL_NVIC_EnableIRQ
                0x08002c62       0x20 ./Drivers/STM32G0xx_HAL_Driver/Src/stm32g0xx_hal_cortex.o
                0x08002c62                HAL_NVIC_EnableIRQ
 .text.HAL_SYSTICK_Config
                0x08002c82       0x1a ./Drivers/STM32G0xx_HAL_Driver/Src/stm32g0xx_hal_cortex.o
                0x08002c82                HAL_SYSTICK_Config
 .text.HAL_DMA_Init
                0x08002c9c      0x158 ./Drivers/STM32G0xx_HAL_Driver/Src/stm32g0xx_hal_dma.o
                0x08002c9c                HAL_DMA_Init
 .text.HAL_DMA_Start_IT
                0x08002df4      0x10c ./Drivers/STM32G0xx_HAL_Driver/Src/stm32g0xx_hal_dma.o
                0x08002df4                HAL_DMA_Start_IT
 .text.HAL_DMA_IRQHandler
                0x08002f00      0x188 ./Drivers/STM32G0xx_HAL_Driver/Src/stm32g0xx_hal_dma.o
                0x08002f00                HAL_DMA_IRQHandler
 .text.DMA_SetConfig
                0x08003088       0x78 ./Drivers/STM32G0xx_HAL_Driver/Src/stm32g0xx_hal_dma.o
 .text.DMA_CalcDMAMUXChannelBaseAndMask
                0x08003100       0x94 ./Drivers/STM32G0xx_HAL_Driver/Src/stm32g0xx_hal_dma.o
 .text.DMA_CalcDMAMUXRequestGenBaseAndMask
                0x08003194       0x48 ./Drivers/STM32G0xx_HAL_Driver/Src/stm32g0xx_hal_dma.o
 .text.HAL_GPIO_Init
                0x080031dc      0x2d8 ./Drivers/STM32G0xx_HAL_Driver/Src/stm32g0xx_hal_gpio.o
                0x080031dc                HAL_GPIO_Init
 .text.HAL_GPIO_WritePin
                0x080034b4       0x3a ./Drivers/STM32G0xx_HAL_Driver/Src/stm32g0xx_hal_gpio.o
                0x080034b4                HAL_GPIO_WritePin
 *fill*         0x080034ee        0x2 
 .text.HAL_PWREx_ControlVoltageScaling
                0x080034f0       0x80 ./Drivers/STM32G0xx_HAL_Driver/Src/stm32g0xx_hal_pwr_ex.o
                0x080034f0                HAL_PWREx_ControlVoltageScaling
 .text.HAL_RCC_OscConfig
                0x08003570      0x6c0 ./Drivers/STM32G0xx_HAL_Driver/Src/stm32g0xx_hal_rcc.o
                0x08003570                HAL_RCC_OscConfig
 .text.HAL_RCC_ClockConfig
                0x08003c30      0x210 ./Drivers/STM32G0xx_HAL_Driver/Src/stm32g0xx_hal_rcc.o
                0x08003c30                HAL_RCC_ClockConfig
 .text.HAL_RCC_GetSysClockFreq
                0x08003e40      0x104 ./Drivers/STM32G0xx_HAL_Driver/Src/stm32g0xx_hal_rcc.o
                0x08003e40                HAL_RCC_GetSysClockFreq
 .text.HAL_RCCEx_PeriphCLKConfig
                0x08003f44      0x478 ./Drivers/STM32G0xx_HAL_Driver/Src/stm32g0xx_hal_rcc_ex.o
                0x08003f44                HAL_RCCEx_PeriphCLKConfig
 .text.HAL_TIM_Base_Init
                0x080043bc       0xb0 ./Drivers/STM32G0xx_HAL_Driver/Src/stm32g0xx_hal_tim.o
                0x080043bc                HAL_TIM_Base_Init
 .text.HAL_TIM_PWM_Init
                0x0800446c       0xb0 ./Drivers/STM32G0xx_HAL_Driver/Src/stm32g0xx_hal_tim.o
                0x0800446c                HAL_TIM_PWM_Init
 .text.HAL_TIM_PWM_MspInit
                0x0800451c       0x10 ./Drivers/STM32G0xx_HAL_Driver/Src/stm32g0xx_hal_tim.o
                0x0800451c                HAL_TIM_PWM_MspInit
 .text.HAL_TIM_PWM_Start
                0x0800452c      0x1e0 ./Drivers/STM32G0xx_HAL_Driver/Src/stm32g0xx_hal_tim.o
                0x0800452c                HAL_TIM_PWM_Start
 .text.HAL_TIM_PWM_ConfigChannel
                0x0800470c      0x200 ./Drivers/STM32G0xx_HAL_Driver/Src/stm32g0xx_hal_tim.o
                0x0800470c                HAL_TIM_PWM_ConfigChannel
 .text.HAL_TIM_ConfigClockSource
                0x0800490c      0x1ac ./Drivers/STM32G0xx_HAL_Driver/Src/stm32g0xx_hal_tim.o
                0x0800490c                HAL_TIM_ConfigClockSource
 .text.TIM_Base_SetConfig
                0x08004ab8      0x130 ./Drivers/STM32G0xx_HAL_Driver/Src/stm32g0xx_hal_tim.o
                0x08004ab8                TIM_Base_SetConfig
 .text.TIM_OC1_SetConfig
                0x08004be8      0x114 ./Drivers/STM32G0xx_HAL_Driver/Src/stm32g0xx_hal_tim.o
 .text.TIM_OC2_SetConfig
                0x08004cfc      0x108 ./Drivers/STM32G0xx_HAL_Driver/Src/stm32g0xx_hal_tim.o
                0x08004cfc                TIM_OC2_SetConfig
 .text.TIM_OC3_SetConfig
                0x08004e04      0x110 ./Drivers/STM32G0xx_HAL_Driver/Src/stm32g0xx_hal_tim.o
 .text.TIM_OC4_SetConfig
                0x08004f14       0xd4 ./Drivers/STM32G0xx_HAL_Driver/Src/stm32g0xx_hal_tim.o
 .text.TIM_OC5_SetConfig
                0x08004fe8       0xc0 ./Drivers/STM32G0xx_HAL_Driver/Src/stm32g0xx_hal_tim.o
 .text.TIM_OC6_SetConfig
                0x080050a8       0xc8 ./Drivers/STM32G0xx_HAL_Driver/Src/stm32g0xx_hal_tim.o
 .text.TIM_TI1_ConfigInputStage
                0x08005170       0x5c ./Drivers/STM32G0xx_HAL_Driver/Src/stm32g0xx_hal_tim.o
 .text.TIM_TI2_ConfigInputStage
                0x080051cc       0x64 ./Drivers/STM32G0xx_HAL_Driver/Src/stm32g0xx_hal_tim.o
 .text.TIM_ITRx_SetConfig
                0x08005230       0x38 ./Drivers/STM32G0xx_HAL_Driver/Src/stm32g0xx_hal_tim.o
 .text.TIM_ETR_SetConfig
                0x08005268       0x40 ./Drivers/STM32G0xx_HAL_Driver/Src/stm32g0xx_hal_tim.o
                0x08005268                TIM_ETR_SetConfig
 .text.TIM_CCxChannelCmd
                0x080052a8       0x46 ./Drivers/STM32G0xx_HAL_Driver/Src/stm32g0xx_hal_tim.o
                0x080052a8                TIM_CCxChannelCmd
 *fill*         0x080052ee        0x2 
 .text.HAL_TIMEx_MasterConfigSynchronization
                0x080052f0       0xec ./Drivers/STM32G0xx_HAL_Driver/Src/stm32g0xx_hal_tim_ex.o
                0x080052f0                HAL_TIMEx_MasterConfigSynchronization
 .text.HAL_TIMEx_ConfigBreakDeadTime
                0x080053dc      0x138 ./Drivers/STM32G0xx_HAL_Driver/Src/stm32g0xx_hal_tim_ex.o
                0x080053dc                HAL_TIMEx_ConfigBreakDeadTime
 .text.memset   0x08005514       0x10 C:/ST/STM32CubeIDE_1.17.0/STM32CubeIDE/plugins/com.st.stm32cube.ide.mcu.externaltools.gnu-tools-for-stm32.12.3.rel1.win32_1.1.0.202410251130/tools/bin/../lib/gcc/arm-none-eabi/12.3.1/../../../../arm-none-eabi/lib/thumb/v6-m/nofp\libc_nano.a(libc_a-memset.o)
                0x08005514                memset
 .text.__libc_init_array
                0x08005524       0x48 C:/ST/STM32CubeIDE_1.17.0/STM32CubeIDE/plugins/com.st.stm32cube.ide.mcu.externaltools.gnu-tools-for-stm32.12.3.rel1.win32_1.1.0.202410251130/tools/bin/../lib/gcc/arm-none-eabi/12.3.1/../../../../arm-none-eabi/lib/thumb/v6-m/nofp\libc_nano.a(libc_a-init.o)
                0x08005524                __libc_init_array
 *(.glue_7)
 .glue_7        0x0800556c        0x0 linker stubs
 *(.glue_7t)
 .glue_7t       0x0800556c        0x0 linker stubs
 *(.eh_frame)
 .eh_frame      0x0800556c        0x0 C:/ST/STM32CubeIDE_1.17.0/STM32CubeIDE/plugins/com.st.stm32cube.ide.mcu.externaltools.gnu-tools-for-stm32.12.3.rel1.win32_1.1.0.202410251130/tools/bin/../lib/gcc/arm-none-eabi/12.3.1/thumb/v6-m/nofp/crtbegin.o
 *(.init)
 .init          0x0800556c        0x4 C:/ST/STM32CubeIDE_1.17.0/STM32CubeIDE/plugins/com.st.stm32cube.ide.mcu.externaltools.gnu-tools-for-stm32.12.3.rel1.win32_1.1.0.202410251130/tools/bin/../lib/gcc/arm-none-eabi/12.3.1/thumb/v6-m/nofp/crti.o
                0x0800556c                _init
 .init          0x08005570        0x8 C:/ST/STM32CubeIDE_1.17.0/STM32CubeIDE/plugins/com.st.stm32cube.ide.mcu.externaltools.gnu-tools-for-stm32.12.3.rel1.win32_1.1.0.202410251130/tools/bin/../lib/gcc/arm-none-eabi/12.3.1/thumb/v6-m/nofp/crtn.o
 *(.fini)
 .fini          0x08005578        0x4 C:/ST/STM32CubeIDE_1.17.0/STM32CubeIDE/plugins/com.st.stm32cube.ide.mcu.externaltools.gnu-tools-for-stm32.12.3.rel1.win32_1.1.0.202410251130/tools/bin/../lib/gcc/arm-none-eabi/12.3.1/thumb/v6-m/nofp/crti.o
                0x08005578                _fini
 .fini          0x0800557c        0x8 C:/ST/STM32CubeIDE_1.17.0/STM32CubeIDE/plugins/com.st.stm32cube.ide.mcu.externaltools.gnu-tools-for-stm32.12.3.rel1.win32_1.1.0.202410251130/tools/bin/../lib/gcc/arm-none-eabi/12.3.1/thumb/v6-m/nofp/crtn.o
                0x08005584                        . = ALIGN (0x4)
                0x08005584                        _etext = .

.vfp11_veneer   0x08005584        0x0
 .vfp11_veneer  0x08005584        0x0 linker stubs

.v4_bx          0x08005584        0x0
 .v4_bx         0x08005584        0x0 linker stubs

.iplt           0x08005584        0x0
 .iplt          0x08005584        0x0 C:/ST/STM32CubeIDE_1.17.0/STM32CubeIDE/plugins/com.st.stm32cube.ide.mcu.externaltools.gnu-tools-for-stm32.12.3.rel1.win32_1.1.0.202410251130/tools/bin/../lib/gcc/arm-none-eabi/12.3.1/thumb/v6-m/nofp/crtbegin.o

.rodata         0x08005584       0xe0
                0x08005584                        . = ALIGN (0x4)
 *(.rodata)
 .rodata        0x08005584       0x28 ./Core/Src/main.o
 *(.rodata*)
 .rodata.main   0x080055ac       0x24 ./Core/Src/main.o
 .rodata.AHBPrescTable
                0x080055d0       0x40 ./Core/Src/system_stm32g0xx.o
                0x080055d0                AHBPrescTable
 .rodata.HAL_TIM_PWM_ConfigChannel
                0x08005610       0x54 ./Drivers/STM32G0xx_HAL_Driver/Src/stm32g0xx_hal_tim.o
                0x08005664                        . = ALIGN (0x4)

.ARM.extab      0x08005664        0x0
                0x08005664                        . = ALIGN (0x4)
 *(.ARM.extab* .gnu.linkonce.armextab.*)
                0x08005664                        . = ALIGN (0x4)

.ARM            0x08005664        0x0
                0x08005664                        . = ALIGN (0x4)
                0x08005664                        __exidx_start = .
 *(.ARM.exidx*)
                0x08005664                        __exidx_end = .
                0x08005664                        . = ALIGN (0x4)

.preinit_array  0x08005664        0x0
                0x08005664                        . = ALIGN (0x4)
                0x08005664                        PROVIDE (__preinit_array_start = .)
 *(.preinit_array*)
                0x08005664                        PROVIDE (__preinit_array_end = .)
                0x08005664                        . = ALIGN (0x4)

.init_array     0x08005664        0x4
                0x08005664                        . = ALIGN (0x4)
                0x08005664                        PROVIDE (__init_array_start = .)
 *(SORT_BY_NAME(.init_array.*))
 *(.init_array*)
 .init_array    0x08005664        0x4 C:/ST/STM32CubeIDE_1.17.0/STM32CubeIDE/plugins/com.st.stm32cube.ide.mcu.externaltools.gnu-tools-for-stm32.12.3.rel1.win32_1.1.0.202410251130/tools/bin/../lib/gcc/arm-none-eabi/12.3.1/thumb/v6-m/nofp/crtbegin.o
                0x08005668                        PROVIDE (__init_array_end = .)
                0x08005668                        . = ALIGN (0x4)

.fini_array     0x08005668        0x4
                0x08005668                        . = ALIGN (0x4)
                [!provide]                        PROVIDE (__fini_array_start = .)
 *(SORT_BY_NAME(.fini_array.*))
 *(.fini_array*)
 .fini_array    0x08005668        0x4 C:/ST/STM32CubeIDE_1.17.0/STM32CubeIDE/plugins/com.st.stm32cube.ide.mcu.externaltools.gnu-tools-for-stm32.12.3.rel1.win32_1.1.0.202410251130/tools/bin/../lib/gcc/arm-none-eabi/12.3.1/thumb/v6-m/nofp/crtbegin.o
                [!provide]                        PROVIDE (__fini_array_end = .)
                0x0800566c                        . = ALIGN (0x4)
                0x0800566c                        _sidata = LOADADDR (.data)

.rel.dyn        0x0800566c        0x0
 .rel.iplt      0x0800566c        0x0 C:/ST/STM32CubeIDE_1.17.0/STM32CubeIDE/plugins/com.st.stm32cube.ide.mcu.externaltools.gnu-tools-for-stm32.12.3.rel1.win32_1.1.0.202410251130/tools/bin/../lib/gcc/arm-none-eabi/12.3.1/thumb/v6-m/nofp/crtbegin.o

.data           0x20000000        0xc load address 0x0800566c
                0x20000000                        . = ALIGN (0x4)
                0x20000000                        _sdata = .
 *(.data)
 *(.data*)
 .data.SystemCoreClock
                0x20000000        0x4 ./Core/Src/system_stm32g0xx.o
                0x20000000                SystemCoreClock
 .data.uwTickPrio
                0x20000004        0x4 ./Drivers/STM32G0xx_HAL_Driver/Src/stm32g0xx_hal.o
                0x20000004                uwTickPrio
 .data.uwTickFreq
                0x20000008        0x1 ./Drivers/STM32G0xx_HAL_Driver/Src/stm32g0xx_hal.o
                0x20000008                uwTickFreq
 *(.RamFunc)
 *(.RamFunc*)
                0x2000000c                        . = ALIGN (0x4)
 *fill*         0x20000009        0x3 
                0x2000000c                        _edata = .

.igot.plt       0x2000000c        0x0 load address 0x08005678
 .igot.plt      0x2000000c        0x0 C:/ST/STM32CubeIDE_1.17.0/STM32CubeIDE/plugins/com.st.stm32cube.ide.mcu.externaltools.gnu-tools-for-stm32.12.3.rel1.win32_1.1.0.202410251130/tools/bin/../lib/gcc/arm-none-eabi/12.3.1/thumb/v6-m/nofp/crtbegin.o
                0x2000000c                        . = ALIGN (0x4)

.bss            0x2000000c      0x164 load address 0x08005678
                0x2000000c                        _sbss = .
                0x2000000c                        __bss_start__ = _sbss
 *(.bss)
 .bss           0x2000000c       0x1c C:/ST/STM32CubeIDE_1.17.0/STM32CubeIDE/plugins/com.st.stm32cube.ide.mcu.externaltools.gnu-tools-for-stm32.12.3.rel1.win32_1.1.0.202410251130/tools/bin/../lib/gcc/arm-none-eabi/12.3.1/thumb/v6-m/nofp/crtbegin.o
 *(.bss*)
 .bss.INA       0x20000028        0x4 ./Core/Src/Fan_Controller.o
                0x20000028                INA
 .bss.INB       0x2000002c        0x4 ./Core/Src/Fan_Controller.o
                0x2000002c                INB
 .bss.INC       0x20000030        0x4 ./Core/Src/Fan_Controller.o
                0x20000030                INC
 .bss.IND       0x20000034        0x4 ./Core/Src/Fan_Controller.o
                0x20000034                IND
 .bss.hadc1     0x20000038       0x64 ./Core/Src/adc.o
                0x20000038                hadc1
 .bss.hdma_adc1
                0x2000009c       0x60 ./Core/Src/adc.o
                0x2000009c                hdma_adc1
 .bss.readValue
                0x200000fc        0x2 ./Core/Src/main.o
                0x200000fc                readValue
 .bss.readValue2
                0x200000fe        0x2 ./Core/Src/main.o
                0x200000fe                readValue2
 .bss.readValue3
                0x20000100        0x2 ./Core/Src/main.o
                0x20000100                readValue3
 .bss.readValue4
                0x20000102        0x2 ./Core/Src/main.o
                0x20000102                readValue4
 .bss.rawValues
                0x20000104        0x8 ./Core/Src/main.o
                0x20000104                rawValues
 .bss.pwmValue  0x2000010c        0x2 ./Core/Src/main.o
                0x2000010c                pwmValue
 .bss.pwmValue1
                0x2000010e        0x2 ./Core/Src/main.o
                0x2000010e                pwmValue1
 .bss.pwmValue2
                0x20000110        0x2 ./Core/Src/main.o
                0x20000110                pwmValue2
 .bss.pwmValue3
                0x20000112        0x2 ./Core/Src/main.o
                0x20000112                pwmValue3
 .bss.convCompleted
                0x20000114        0x1 ./Core/Src/main.o
                0x20000114                convCompleted
 *fill*         0x20000115        0x1 
 .bss.fan_speed_global
                0x20000116        0x2 ./Core/Src/main.o
                0x20000116                fan_speed_global
 .bss.fan_speed_global2
                0x20000118        0x2 ./Core/Src/main.o
                0x20000118                fan_speed_global2
 *fill*         0x2000011a        0x2 
 .bss.caseValue
                0x2000011c        0x4 ./Core/Src/main.o
                0x2000011c                caseValue
 .bss.htim1     0x20000120       0x4c ./Core/Src/tim.o
                0x20000120                htim1
 .bss.uwTick    0x2000016c        0x4 ./Drivers/STM32G0xx_HAL_Driver/Src/stm32g0xx_hal.o
                0x2000016c                uwTick
 *(COMMON)
                0x20000170                        . = ALIGN (0x4)
                0x20000170                        _ebss = .
                0x20000170                        __bss_end__ = _ebss

._user_heap_stack
                0x20000170      0x600 load address 0x08005678
                0x20000170                        . = ALIGN (0x8)
                [!provide]                        PROVIDE (end = .)
                0x20000170                        PROVIDE (_end = .)
                0x20000370                        . = (. + _Min_Heap_Size)
 *fill*         0x20000170      0x200 
                0x20000770                        . = (. + _Min_Stack_Size)
 *fill*         0x20000370      0x400 
                0x20000770                        . = ALIGN (0x8)

/DISCARD/
 libc.a(*)
 libm.a(*)
 libgcc.a(*)

.ARM.attributes
                0x00000000       0x28
 *(.ARM.attributes)
 .ARM.attributes
                0x00000000       0x1e C:/ST/STM32CubeIDE_1.17.0/STM32CubeIDE/plugins/com.st.stm32cube.ide.mcu.externaltools.gnu-tools-for-stm32.12.3.rel1.win32_1.1.0.202410251130/tools/bin/../lib/gcc/arm-none-eabi/12.3.1/thumb/v6-m/nofp/crti.o
 .ARM.attributes
                0x0000001e       0x2c C:/ST/STM32CubeIDE_1.17.0/STM32CubeIDE/plugins/com.st.stm32cube.ide.mcu.externaltools.gnu-tools-for-stm32.12.3.rel1.win32_1.1.0.202410251130/tools/bin/../lib/gcc/arm-none-eabi/12.3.1/thumb/v6-m/nofp/crtbegin.o
 .ARM.attributes
                0x0000004a       0x2c ./Core/Src/Fan_Controller.o
 .ARM.attributes
                0x00000076       0x2c ./Core/Src/adc.o
 .ARM.attributes
                0x000000a2       0x2c ./Core/Src/dma.o
 .ARM.attributes
                0x000000ce       0x2c ./Core/Src/gpio.o
 .ARM.attributes
                0x000000fa       0x2c ./Core/Src/lcd.o
 .ARM.attributes
                0x00000126       0x2c ./Core/Src/main.o
 .ARM.attributes
                0x00000152       0x2c ./Core/Src/stm32g0xx_hal_msp.o
 .ARM.attributes
                0x0000017e       0x2c ./Core/Src/stm32g0xx_it.o
 .ARM.attributes
                0x000001aa       0x2c ./Core/Src/system_stm32g0xx.o
 .ARM.attributes
                0x000001d6       0x2c ./Core/Src/tim.o
 .ARM.attributes
                0x00000202       0x22 ./Core/Startup/startup_stm32g0b1retx.o
 .ARM.attributes
                0x00000224       0x2c ./Drivers/STM32G0xx_HAL_Driver/Src/stm32g0xx_hal.o
 .ARM.attributes
                0x00000250       0x2c ./Drivers/STM32G0xx_HAL_Driver/Src/stm32g0xx_hal_adc.o
 .ARM.attributes
                0x0000027c       0x2c ./Drivers/STM32G0xx_HAL_Driver/Src/stm32g0xx_hal_adc_ex.o
 .ARM.attributes
                0x000002a8       0x2c ./Drivers/STM32G0xx_HAL_Driver/Src/stm32g0xx_hal_cortex.o
 .ARM.attributes
                0x000002d4       0x2c ./Drivers/STM32G0xx_HAL_Driver/Src/stm32g0xx_hal_dma.o
 .ARM.attributes
                0x00000300       0x2c ./Drivers/STM32G0xx_HAL_Driver/Src/stm32g0xx_hal_gpio.o
 .ARM.attributes
                0x0000032c       0x2c ./Drivers/STM32G0xx_HAL_Driver/Src/stm32g0xx_hal_pwr_ex.o
 .ARM.attributes
                0x00000358       0x2c ./Drivers/STM32G0xx_HAL_Driver/Src/stm32g0xx_hal_rcc.o
 .ARM.attributes
                0x00000384       0x2c ./Drivers/STM32G0xx_HAL_Driver/Src/stm32g0xx_hal_rcc_ex.o
 .ARM.attributes
                0x000003b0       0x2c ./Drivers/STM32G0xx_HAL_Driver/Src/stm32g0xx_hal_tim.o
 .ARM.attributes
                0x000003dc       0x2c ./Drivers/STM32G0xx_HAL_Driver/Src/stm32g0xx_hal_tim_ex.o
 .ARM.attributes
                0x00000408       0x2c C:/ST/STM32CubeIDE_1.17.0/STM32CubeIDE/plugins/com.st.stm32cube.ide.mcu.externaltools.gnu-tools-for-stm32.12.3.rel1.win32_1.1.0.202410251130/tools/bin/../lib/gcc/arm-none-eabi/12.3.1/../../../../arm-none-eabi/lib/thumb/v6-m/nofp\libc_nano.a(libc_a-memset.o)
 .ARM.attributes
                0x00000434       0x2c C:/ST/STM32CubeIDE_1.17.0/STM32CubeIDE/plugins/com.st.stm32cube.ide.mcu.externaltools.gnu-tools-for-stm32.12.3.rel1.win32_1.1.0.202410251130/tools/bin/../lib/gcc/arm-none-eabi/12.3.1/../../../../arm-none-eabi/lib/thumb/v6-m/nofp\libc_nano.a(libc_a-init.o)
 .ARM.attributes
                0x00000460       0x1e C:/ST/STM32CubeIDE_1.17.0/STM32CubeIDE/plugins/com.st.stm32cube.ide.mcu.externaltools.gnu-tools-for-stm32.12.3.rel1.win32_1.1.0.202410251130/tools/bin/../lib/gcc/arm-none-eabi/12.3.1/thumb/v6-m/nofp\libgcc.a(_udivsi3.o)
 .ARM.attributes
                0x0000047e       0x1e C:/ST/STM32CubeIDE_1.17.0/STM32CubeIDE/plugins/com.st.stm32cube.ide.mcu.externaltools.gnu-tools-for-stm32.12.3.rel1.win32_1.1.0.202410251130/tools/bin/../lib/gcc/arm-none-eabi/12.3.1/thumb/v6-m/nofp\libgcc.a(_divsi3.o)
 .ARM.attributes
                0x0000049c       0x1e C:/ST/STM32CubeIDE_1.17.0/STM32CubeIDE/plugins/com.st.stm32cube.ide.mcu.externaltools.gnu-tools-for-stm32.12.3.rel1.win32_1.1.0.202410251130/tools/bin/../lib/gcc/arm-none-eabi/12.3.1/thumb/v6-m/nofp\libgcc.a(_dvmd_tls.o)
 .ARM.attributes
                0x000004ba       0x1e C:/ST/STM32CubeIDE_1.17.0/STM32CubeIDE/plugins/com.st.stm32cube.ide.mcu.externaltools.gnu-tools-for-stm32.12.3.rel1.win32_1.1.0.202410251130/tools/bin/../lib/gcc/arm-none-eabi/12.3.1/thumb/v6-m/nofp/crtn.o
OUTPUT(foto.elf elf32-littlearm)
LOAD linker stubs
LOAD C:/ST/STM32CubeIDE_1.17.0/STM32CubeIDE/plugins/com.st.stm32cube.ide.mcu.externaltools.gnu-tools-for-stm32.12.3.rel1.win32_1.1.0.202410251130/tools/bin/../lib/gcc/arm-none-eabi/12.3.1/../../../../arm-none-eabi/lib/thumb/v6-m/nofp\libc.a
LOAD C:/ST/STM32CubeIDE_1.17.0/STM32CubeIDE/plugins/com.st.stm32cube.ide.mcu.externaltools.gnu-tools-for-stm32.12.3.rel1.win32_1.1.0.202410251130/tools/bin/../lib/gcc/arm-none-eabi/12.3.1/../../../../arm-none-eabi/lib/thumb/v6-m/nofp\libm.a
LOAD C:/ST/STM32CubeIDE_1.17.0/STM32CubeIDE/plugins/com.st.stm32cube.ide.mcu.externaltools.gnu-tools-for-stm32.12.3.rel1.win32_1.1.0.202410251130/tools/bin/../lib/gcc/arm-none-eabi/12.3.1/thumb/v6-m/nofp\libgcc.a

.debug_info     0x00000000     0xeead
 .debug_info    0x00000000      0x178 ./Core/Src/Fan_Controller.o
 .debug_info    0x00000178      0xe56 ./Core/Src/adc.o
 .debug_info    0x00000fce      0x365 ./Core/Src/dma.o
 .debug_info    0x00001333      0x3f7 ./Core/Src/gpio.o
 .debug_info    0x0000172a      0x304 ./Core/Src/lcd.o
 .debug_info    0x00001a2e      0xffd ./Core/Src/main.o
 .debug_info    0x00002a2b      0x278 ./Core/Src/stm32g0xx_hal_msp.o
 .debug_info    0x00002ca3      0x7f2 ./Core/Src/stm32g0xx_it.o
 .debug_info    0x00003495      0x316 ./Core/Src/system_stm32g0xx.o
 .debug_info    0x000037ab      0xf9a ./Core/Src/tim.o
 .debug_info    0x00004745       0x30 ./Core/Startup/startup_stm32g0b1retx.o
 .debug_info    0x00004775      0xafa ./Drivers/STM32G0xx_HAL_Driver/Src/stm32g0xx_hal.o
 .debug_info    0x0000526f     0x15cf ./Drivers/STM32G0xx_HAL_Driver/Src/stm32g0xx_hal_adc.o
 .debug_info    0x0000683e      0xb8e ./Drivers/STM32G0xx_HAL_Driver/Src/stm32g0xx_hal_adc_ex.o
 .debug_info    0x000073cc      0x8d9 ./Drivers/STM32G0xx_HAL_Driver/Src/stm32g0xx_hal_cortex.o
 .debug_info    0x00007ca5      0x869 ./Drivers/STM32G0xx_HAL_Driver/Src/stm32g0xx_hal_dma.o
 .debug_info    0x0000850e      0x5d9 ./Drivers/STM32G0xx_HAL_Driver/Src/stm32g0xx_hal_gpio.o
 .debug_info    0x00008ae7      0x8b5 ./Drivers/STM32G0xx_HAL_Driver/Src/stm32g0xx_hal_pwr_ex.o
 .debug_info    0x0000939c      0xb9b ./Drivers/STM32G0xx_HAL_Driver/Src/stm32g0xx_hal_rcc.o
 .debug_info    0x00009f37      0xa41 ./Drivers/STM32G0xx_HAL_Driver/Src/stm32g0xx_hal_rcc_ex.o
 .debug_info    0x0000a978     0x2c12 ./Drivers/STM32G0xx_HAL_Driver/Src/stm32g0xx_hal_tim.o
 .debug_info    0x0000d58a     0x1923 ./Drivers/STM32G0xx_HAL_Driver/Src/stm32g0xx_hal_tim_ex.o

.debug_abbrev   0x00000000     0x2959
 .debug_abbrev  0x00000000       0xa1 ./Core/Src/Fan_Controller.o
 .debug_abbrev  0x000000a1      0x222 ./Core/Src/adc.o
 .debug_abbrev  0x000002c3      0x115 ./Core/Src/dma.o
 .debug_abbrev  0x000003d8      0x158 ./Core/Src/gpio.o
 .debug_abbrev  0x00000530      0x167 ./Core/Src/lcd.o
 .debug_abbrev  0x00000697      0x2bf ./Core/Src/main.o
 .debug_abbrev  0x00000956       0xf9 ./Core/Src/stm32g0xx_hal_msp.o
 .debug_abbrev  0x00000a4f      0x1a6 ./Core/Src/stm32g0xx_it.o
 .debug_abbrev  0x00000bf5      0x119 ./Core/Src/system_stm32g0xx.o
 .debug_abbrev  0x00000d0e      0x221 ./Core/Src/tim.o
 .debug_abbrev  0x00000f2f       0x24 ./Core/Startup/startup_stm32g0b1retx.o
 .debug_abbrev  0x00000f53      0x27f ./Drivers/STM32G0xx_HAL_Driver/Src/stm32g0xx_hal.o
 .debug_abbrev  0x000011d2      0x276 ./Drivers/STM32G0xx_HAL_Driver/Src/stm32g0xx_hal_adc.o
 .debug_abbrev  0x00001448      0x242 ./Drivers/STM32G0xx_HAL_Driver/Src/stm32g0xx_hal_adc_ex.o
 .debug_abbrev  0x0000168a      0x2ab ./Drivers/STM32G0xx_HAL_Driver/Src/stm32g0xx_hal_cortex.o
 .debug_abbrev  0x00001935      0x214 ./Drivers/STM32G0xx_HAL_Driver/Src/stm32g0xx_hal_dma.o
 .debug_abbrev  0x00001b49      0x1c8 ./Drivers/STM32G0xx_HAL_Driver/Src/stm32g0xx_hal_gpio.o
 .debug_abbrev  0x00001d11      0x23c ./Drivers/STM32G0xx_HAL_Driver/Src/stm32g0xx_hal_pwr_ex.o
 .debug_abbrev  0x00001f4d      0x2aa ./Drivers/STM32G0xx_HAL_Driver/Src/stm32g0xx_hal_rcc.o
 .debug_abbrev  0x000021f7      0x244 ./Drivers/STM32G0xx_HAL_Driver/Src/stm32g0xx_hal_rcc_ex.o
 .debug_abbrev  0x0000243b      0x287 ./Drivers/STM32G0xx_HAL_Driver/Src/stm32g0xx_hal_tim.o
 .debug_abbrev  0x000026c2      0x297 ./Drivers/STM32G0xx_HAL_Driver/Src/stm32g0xx_hal_tim_ex.o

.debug_aranges  0x00000000      0xf98
 .debug_aranges
                0x00000000       0x30 ./Core/Src/Fan_Controller.o
 .debug_aranges
                0x00000030       0x30 ./Core/Src/adc.o
 .debug_aranges
                0x00000060       0x20 ./Core/Src/dma.o
 .debug_aranges
                0x00000080       0x20 ./Core/Src/gpio.o
 .debug_aranges
                0x000000a0       0x50 ./Core/Src/lcd.o
 .debug_aranges
                0x000000f0       0x40 ./Core/Src/main.o
 .debug_aranges
                0x00000130       0x20 ./Core/Src/stm32g0xx_hal_msp.o
 .debug_aranges
                0x00000150       0x50 ./Core/Src/stm32g0xx_it.o
 .debug_aranges
                0x000001a0       0x28 ./Core/Src/system_stm32g0xx.o
 .debug_aranges
                0x000001c8       0x38 ./Core/Src/tim.o
 .debug_aranges
                0x00000200       0x28 ./Core/Startup/startup_stm32g0b1retx.o
 .debug_aranges
                0x00000228      0x130 ./Drivers/STM32G0xx_HAL_Driver/Src/stm32g0xx_hal.o
 .debug_aranges
                0x00000358      0x1f0 ./Drivers/STM32G0xx_HAL_Driver/Src/stm32g0xx_hal_adc.o
 .debug_aranges
                0x00000548       0xb0 ./Drivers/STM32G0xx_HAL_Driver/Src/stm32g0xx_hal_adc_ex.o
 .debug_aranges
                0x000005f8       0xe8 ./Drivers/STM32G0xx_HAL_Driver/Src/stm32g0xx_hal_cortex.o
 .debug_aranges
                0x000006e0       0x90 ./Drivers/STM32G0xx_HAL_Driver/Src/stm32g0xx_hal_dma.o
 .debug_aranges
                0x00000770       0x60 ./Drivers/STM32G0xx_HAL_Driver/Src/stm32g0xx_hal_gpio.o
 .debug_aranges
                0x000007d0      0x128 ./Drivers/STM32G0xx_HAL_Driver/Src/stm32g0xx_hal_pwr_ex.o
 .debug_aranges
                0x000008f8       0xa0 ./Drivers/STM32G0xx_HAL_Driver/Src/stm32g0xx_hal_rcc.o
 .debug_aranges
                0x00000998       0x88 ./Drivers/STM32G0xx_HAL_Driver/Src/stm32g0xx_hal_rcc_ex.o
 .debug_aranges
                0x00000a20      0x3e0 ./Drivers/STM32G0xx_HAL_Driver/Src/stm32g0xx_hal_tim.o
 .debug_aranges
                0x00000e00      0x198 ./Drivers/STM32G0xx_HAL_Driver/Src/stm32g0xx_hal_tim_ex.o

.debug_rnglists
                0x00000000      0xbeb
 .debug_rnglists
                0x00000000       0x1f ./Core/Src/Fan_Controller.o
 .debug_rnglists
                0x0000001f       0x21 ./Core/Src/adc.o
 .debug_rnglists
                0x00000040       0x13 ./Core/Src/dma.o
 .debug_rnglists
                0x00000053       0x14 ./Core/Src/gpio.o
 .debug_rnglists
                0x00000067       0x38 ./Core/Src/lcd.o
 .debug_rnglists
                0x0000009f       0x2d ./Core/Src/main.o
 .debug_rnglists
                0x000000cc       0x13 ./Core/Src/stm32g0xx_hal_msp.o
 .debug_rnglists
                0x000000df       0x37 ./Core/Src/stm32g0xx_it.o
 .debug_rnglists
                0x00000116       0x1a ./Core/Src/system_stm32g0xx.o
 .debug_rnglists
                0x00000130       0x27 ./Core/Src/tim.o
 .debug_rnglists
                0x00000157       0x19 ./Core/Startup/startup_stm32g0b1retx.o
 .debug_rnglists
                0x00000170       0xe0 ./Drivers/STM32G0xx_HAL_Driver/Src/stm32g0xx_hal.o
 .debug_rnglists
                0x00000250      0x17f ./Drivers/STM32G0xx_HAL_Driver/Src/stm32g0xx_hal_adc.o
 .debug_rnglists
                0x000003cf       0x81 ./Drivers/STM32G0xx_HAL_Driver/Src/stm32g0xx_hal_adc_ex.o
 .debug_rnglists
                0x00000450       0xaa ./Drivers/STM32G0xx_HAL_Driver/Src/stm32g0xx_hal_cortex.o
 .debug_rnglists
                0x000004fa       0x72 ./Drivers/STM32G0xx_HAL_Driver/Src/stm32g0xx_hal_dma.o
 .debug_rnglists
                0x0000056c       0x45 ./Drivers/STM32G0xx_HAL_Driver/Src/stm32g0xx_hal_gpio.o
 .debug_rnglists
                0x000005b1       0xe0 ./Drivers/STM32G0xx_HAL_Driver/Src/stm32g0xx_hal_pwr_ex.o
 .debug_rnglists
                0x00000691       0x79 ./Drivers/STM32G0xx_HAL_Driver/Src/stm32g0xx_hal_rcc.o
 .debug_rnglists
                0x0000070a       0x69 ./Drivers/STM32G0xx_HAL_Driver/Src/stm32g0xx_hal_rcc_ex.o
 .debug_rnglists
                0x00000773      0x32a ./Drivers/STM32G0xx_HAL_Driver/Src/stm32g0xx_hal_tim.o
 .debug_rnglists
                0x00000a9d      0x14e ./Drivers/STM32G0xx_HAL_Driver/Src/stm32g0xx_hal_tim_ex.o

.debug_macro    0x00000000    0x1d9cc
 .debug_macro   0x00000000       0x6d ./Core/Src/Fan_Controller.o
 .debug_macro   0x0000006d      0xa8a ./Core/Src/Fan_Controller.o
 .debug_macro   0x00000af7       0x22 ./Core/Src/Fan_Controller.o
 .debug_macro   0x00000b19       0x8e ./Core/Src/Fan_Controller.o
 .debug_macro   0x00000ba7       0x51 ./Core/Src/Fan_Controller.o
 .debug_macro   0x00000bf8      0x103 ./Core/Src/Fan_Controller.o
 .debug_macro   0x00000cfb       0x6a ./Core/Src/Fan_Controller.o
 .debug_macro   0x00000d65      0x1df ./Core/Src/Fan_Controller.o
 .debug_macro   0x00000f44      0x20c ./Core/Src/adc.o
 .debug_macro   0x00001150      0x12a ./Core/Src/adc.o
 .debug_macro   0x0000127a       0x2e ./Core/Src/adc.o
 .debug_macro   0x000012a8       0x28 ./Core/Src/adc.o
 .debug_macro   0x000012d0       0x1c ./Core/Src/adc.o
 .debug_macro   0x000012ec       0x22 ./Core/Src/adc.o
 .debug_macro   0x0000130e       0xd1 ./Core/Src/adc.o
 .debug_macro   0x000013df      0x4da ./Core/Src/adc.o
 .debug_macro   0x000018b9      0x11f ./Core/Src/adc.o
 .debug_macro   0x000019d8     0xf3de ./Core/Src/adc.o
 .debug_macro   0x00010db6       0x66 ./Core/Src/adc.o
 .debug_macro   0x00010e1c     0x350e ./Core/Src/adc.o
 .debug_macro   0x0001432a      0x189 ./Core/Src/adc.o
 .debug_macro   0x000144b3       0x5c ./Core/Src/adc.o
 .debug_macro   0x0001450f      0x72c ./Core/Src/adc.o
 .debug_macro   0x00014c3b     0x1579 ./Core/Src/adc.o
 .debug_macro   0x000161b4      0x535 ./Core/Src/adc.o
 .debug_macro   0x000166e9      0x1cf ./Core/Src/adc.o
 .debug_macro   0x000168b8      0x25b ./Core/Src/adc.o
 .debug_macro   0x00016b13      0x4f5 ./Core/Src/adc.o
 .debug_macro   0x00017008      0x280 ./Core/Src/adc.o
 .debug_macro   0x00017288      0x417 ./Core/Src/adc.o
 .debug_macro   0x0001769f      0x1b2 ./Core/Src/adc.o
 .debug_macro   0x00017851       0x43 ./Core/Src/adc.o
 .debug_macro   0x00017894      0x1f1 ./Core/Src/adc.o
 .debug_macro   0x00017a85      0x8bd ./Core/Src/adc.o
 .debug_macro   0x00018342      0x5c9 ./Core/Src/adc.o
 .debug_macro   0x0001890b       0x2e ./Core/Src/adc.o
 .debug_macro   0x00018939      0x1e4 ./Core/Src/adc.o
 .debug_macro   0x00018b1d      0x3fa ./Core/Src/adc.o
 .debug_macro   0x00018f17       0x28 ./Core/Src/adc.o
 .debug_macro   0x00018f3f      0x123 ./Core/Src/adc.o
 .debug_macro   0x00019062      0x145 ./Core/Src/adc.o
 .debug_macro   0x000191a7      0x30b ./Core/Src/adc.o
 .debug_macro   0x000194b2      0xae5 ./Core/Src/adc.o
 .debug_macro   0x00019f97      0x239 ./Core/Src/adc.o
 .debug_macro   0x0001a1d0      0x5df ./Core/Src/adc.o
 .debug_macro   0x0001a7af       0x58 ./Core/Src/adc.o
 .debug_macro   0x0001a807      0x20c ./Core/Src/dma.o
 .debug_macro   0x0001aa13      0x20c ./Core/Src/gpio.o
 .debug_macro   0x0001ac1f      0x21f ./Core/Src/lcd.o
 .debug_macro   0x0001ae3e       0x4c ./Core/Src/lcd.o
 .debug_macro   0x0001ae8a      0x353 ./Core/Src/main.o
 .debug_macro   0x0001b1dd       0x61 ./Core/Src/main.o
 .debug_macro   0x0001b23e       0x24 ./Core/Src/main.o
 .debug_macro   0x0001b262       0x43 ./Core/Src/main.o
 .debug_macro   0x0001b2a5       0x34 ./Core/Src/main.o
 .debug_macro   0x0001b2d9       0x16 ./Core/Src/main.o
 .debug_macro   0x0001b2ef       0x35 ./Core/Src/main.o
 .debug_macro   0x0001b324      0x369 ./Core/Src/main.o
 .debug_macro   0x0001b68d       0x10 ./Core/Src/main.o
 .debug_macro   0x0001b69d       0x16 ./Core/Src/main.o
 .debug_macro   0x0001b6b3       0x43 ./Core/Src/main.o
 .debug_macro   0x0001b6f6       0x34 ./Core/Src/main.o
 .debug_macro   0x0001b72a       0x10 ./Core/Src/main.o
 .debug_macro   0x0001b73a       0x58 ./Core/Src/main.o
 .debug_macro   0x0001b792       0x8e ./Core/Src/main.o
 .debug_macro   0x0001b820       0x1c ./Core/Src/main.o
 .debug_macro   0x0001b83c      0x177 ./Core/Src/main.o
 .debug_macro   0x0001b9b3       0x16 ./Core/Src/main.o
 .debug_macro   0x0001b9c9       0x16 ./Core/Src/main.o
 .debug_macro   0x0001b9df      0x146 ./Core/Src/main.o
 .debug_macro   0x0001bb25       0x16 ./Core/Src/main.o
 .debug_macro   0x0001bb3b       0x20 ./Core/Src/main.o
 .debug_macro   0x0001bb5b      0x202 ./Core/Src/stm32g0xx_hal_msp.o
 .debug_macro   0x0001bd5d      0x20c ./Core/Src/stm32g0xx_it.o
 .debug_macro   0x0001bf69      0x1f3 ./Core/Src/system_stm32g0xx.o
 .debug_macro   0x0001c15c      0x20c ./Core/Src/tim.o
 .debug_macro   0x0001c368      0x217 ./Drivers/STM32G0xx_HAL_Driver/Src/stm32g0xx_hal.o
 .debug_macro   0x0001c57f      0x217 ./Drivers/STM32G0xx_HAL_Driver/Src/stm32g0xx_hal_adc.o
 .debug_macro   0x0001c796      0x1ff ./Drivers/STM32G0xx_HAL_Driver/Src/stm32g0xx_hal_adc_ex.o
 .debug_macro   0x0001c995      0x1f3 ./Drivers/STM32G0xx_HAL_Driver/Src/stm32g0xx_hal_cortex.o
 .debug_macro   0x0001cb88      0x1f3 ./Drivers/STM32G0xx_HAL_Driver/Src/stm32g0xx_hal_dma.o
 .debug_macro   0x0001cd7b      0x1fa ./Drivers/STM32G0xx_HAL_Driver/Src/stm32g0xx_hal_gpio.o
 .debug_macro   0x0001cf75      0x21d ./Drivers/STM32G0xx_HAL_Driver/Src/stm32g0xx_hal_pwr_ex.o
 .debug_macro   0x0001d192      0x23b ./Drivers/STM32G0xx_HAL_Driver/Src/stm32g0xx_hal_rcc.o
 .debug_macro   0x0001d3cd      0x20b ./Drivers/STM32G0xx_HAL_Driver/Src/stm32g0xx_hal_rcc_ex.o
 .debug_macro   0x0001d5d8      0x1fb ./Drivers/STM32G0xx_HAL_Driver/Src/stm32g0xx_hal_tim.o
 .debug_macro   0x0001d7d3      0x1f9 ./Drivers/STM32G0xx_HAL_Driver/Src/stm32g0xx_hal_tim_ex.o

.debug_line     0x00000000    0x1322e
 .debug_line    0x00000000      0x4da ./Core/Src/Fan_Controller.o
 .debug_line    0x000004da      0x8a1 ./Core/Src/adc.o
 .debug_line    0x00000d7b      0x799 ./Core/Src/dma.o
 .debug_line    0x00001514      0x7c8 ./Core/Src/gpio.o
 .debug_line    0x00001cdc      0x893 ./Core/Src/lcd.o
 .debug_line    0x0000256f      0xc3b ./Core/Src/main.o
 .debug_line    0x000031aa      0x79e ./Core/Src/stm32g0xx_hal_msp.o
 .debug_line    0x00003948      0x832 ./Core/Src/stm32g0xx_it.o
 .debug_line    0x0000417a      0x810 ./Core/Src/system_stm32g0xx.o
 .debug_line    0x0000498a      0x8d5 ./Core/Src/tim.o
 .debug_line    0x0000525f       0x7b ./Core/Startup/startup_stm32g0b1retx.o
 .debug_line    0x000052da      0xb76 ./Drivers/STM32G0xx_HAL_Driver/Src/stm32g0xx_hal.o
 .debug_line    0x00005e50     0x197f ./Drivers/STM32G0xx_HAL_Driver/Src/stm32g0xx_hal_adc.o
 .debug_line    0x000077cf      0xb04 ./Drivers/STM32G0xx_HAL_Driver/Src/stm32g0xx_hal_adc_ex.o
 .debug_line    0x000082d3      0xbeb ./Drivers/STM32G0xx_HAL_Driver/Src/stm32g0xx_hal_cortex.o
 .debug_line    0x00008ebe      0xee3 ./Drivers/STM32G0xx_HAL_Driver/Src/stm32g0xx_hal_dma.o
 .debug_line    0x00009da1      0xbe3 ./Drivers/STM32G0xx_HAL_Driver/Src/stm32g0xx_hal_gpio.o
 .debug_line    0x0000a984      0xc37 ./Drivers/STM32G0xx_HAL_Driver/Src/stm32g0xx_hal_pwr_ex.o
 .debug_line    0x0000b5bb      0xfc8 ./Drivers/STM32G0xx_HAL_Driver/Src/stm32g0xx_hal_rcc.o
 .debug_line    0x0000c583     0x1207 ./Drivers/STM32G0xx_HAL_Driver/Src/stm32g0xx_hal_rcc_ex.o
 .debug_line    0x0000d78a     0x3d92 ./Drivers/STM32G0xx_HAL_Driver/Src/stm32g0xx_hal_tim.o
 .debug_line    0x0001151c     0x1d12 ./Drivers/STM32G0xx_HAL_Driver/Src/stm32g0xx_hal_tim_ex.o

.debug_str      0x00000000    0xbfc3f
 .debug_str     0x00000000     0x3b4f ./Core/Src/Fan_Controller.o
                               0x3ccd (size before relaxing)
 .debug_str     0x00003b4f    0xb4848 ./Core/Src/adc.o
                              0xb8c40 (size before relaxing)
 .debug_str     0x000b8397       0x29 ./Core/Src/dma.o
                              0xb83a2 (size before relaxing)
 .debug_str     0x000b83c0       0x68 ./Core/Src/gpio.o
                              0xb820b (size before relaxing)
 .debug_str     0x000b8428      0x144 ./Core/Src/lcd.o
                              0xb822e (size before relaxing)
 .debug_str     0x000b856c     0x3cc3 ./Core/Src/main.o
                              0xbc4e9 (size before relaxing)
 .debug_str     0x000bc22f       0x4d ./Core/Src/stm32g0xx_hal_msp.o
                              0xb8161 (size before relaxing)
 .debug_str     0x000bc27c       0xd6 ./Core/Src/stm32g0xx_it.o
                              0xb8678 (size before relaxing)
 .debug_str     0x000bc352       0x8e ./Core/Src/system_stm32g0xx.o
                              0xb8056 (size before relaxing)
 .debug_str     0x000bc3e0      0x2e3 ./Core/Src/tim.o
                              0xb8cc2 (size before relaxing)
 .debug_str     0x000bc6c3       0x44 ./Core/Startup/startup_stm32g0b1retx.o
                                 0x7c (size before relaxing)
 .debug_str     0x000bc707      0x5b5 ./Drivers/STM32G0xx_HAL_Driver/Src/stm32g0xx_hal.o
                              0xb892f (size before relaxing)
 .debug_str     0x000bccbc      0x895 ./Drivers/STM32G0xx_HAL_Driver/Src/stm32g0xx_hal_adc.o
                              0xb8e38 (size before relaxing)
 .debug_str     0x000bd551      0x1e2 ./Drivers/STM32G0xx_HAL_Driver/Src/stm32g0xx_hal_adc_ex.o
                              0xb8814 (size before relaxing)
 .debug_str     0x000bd733      0x290 ./Drivers/STM32G0xx_HAL_Driver/Src/stm32g0xx_hal_cortex.o
                              0xb8567 (size before relaxing)
 .debug_str     0x000bd9c3      0x260 ./Drivers/STM32G0xx_HAL_Driver/Src/stm32g0xx_hal_dma.o
                              0xb8506 (size before relaxing)
 .debug_str     0x000bdc23      0x164 ./Drivers/STM32G0xx_HAL_Driver/Src/stm32g0xx_hal_gpio.o
                              0xb81b9 (size before relaxing)
 .debug_str     0x000bdd87      0x3e0 ./Drivers/STM32G0xx_HAL_Driver/Src/stm32g0xx_hal_pwr_ex.o
                              0xb85d8 (size before relaxing)
 .debug_str     0x000be167      0x4c7 ./Drivers/STM32G0xx_HAL_Driver/Src/stm32g0xx_hal_rcc.o
                              0xb8822 (size before relaxing)
 .debug_str     0x000be62e      0x366 ./Drivers/STM32G0xx_HAL_Driver/Src/stm32g0xx_hal_rcc_ex.o
                              0xb86b2 (size before relaxing)
 .debug_str     0x000be994      0xdae ./Drivers/STM32G0xx_HAL_Driver/Src/stm32g0xx_hal_tim.o
                              0xb95bf (size before relaxing)
 .debug_str     0x000bf742      0x4fd ./Drivers/STM32G0xx_HAL_Driver/Src/stm32g0xx_hal_tim_ex.o
                              0xb8f4d (size before relaxing)

.comment        0x00000000       0x43
 .comment       0x00000000       0x43 ./Core/Src/Fan_Controller.o
                                 0x44 (size before relaxing)
 .comment       0x00000043       0x44 ./Core/Src/adc.o
 .comment       0x00000043       0x44 ./Core/Src/dma.o
 .comment       0x00000043       0x44 ./Core/Src/gpio.o
 .comment       0x00000043       0x44 ./Core/Src/lcd.o
 .comment       0x00000043       0x44 ./Core/Src/main.o
 .comment       0x00000043       0x44 ./Core/Src/stm32g0xx_hal_msp.o
 .comment       0x00000043       0x44 ./Core/Src/stm32g0xx_it.o
 .comment       0x00000043       0x44 ./Core/Src/system_stm32g0xx.o
 .comment       0x00000043       0x44 ./Core/Src/tim.o
 .comment       0x00000043       0x44 ./Drivers/STM32G0xx_HAL_Driver/Src/stm32g0xx_hal.o
 .comment       0x00000043       0x44 ./Drivers/STM32G0xx_HAL_Driver/Src/stm32g0xx_hal_adc.o
 .comment       0x00000043       0x44 ./Drivers/STM32G0xx_HAL_Driver/Src/stm32g0xx_hal_adc_ex.o
 .comment       0x00000043       0x44 ./Drivers/STM32G0xx_HAL_Driver/Src/stm32g0xx_hal_cortex.o
 .comment       0x00000043       0x44 ./Drivers/STM32G0xx_HAL_Driver/Src/stm32g0xx_hal_dma.o
 .comment       0x00000043       0x44 ./Drivers/STM32G0xx_HAL_Driver/Src/stm32g0xx_hal_gpio.o
 .comment       0x00000043       0x44 ./Drivers/STM32G0xx_HAL_Driver/Src/stm32g0xx_hal_pwr_ex.o
 .comment       0x00000043       0x44 ./Drivers/STM32G0xx_HAL_Driver/Src/stm32g0xx_hal_rcc.o
 .comment       0x00000043       0x44 ./Drivers/STM32G0xx_HAL_Driver/Src/stm32g0xx_hal_rcc_ex.o
 .comment       0x00000043       0x44 ./Drivers/STM32G0xx_HAL_Driver/Src/stm32g0xx_hal_tim.o
 .comment       0x00000043       0x44 ./Drivers/STM32G0xx_HAL_Driver/Src/stm32g0xx_hal_tim_ex.o

.debug_frame    0x00000000     0x36d4
 .debug_frame   0x00000000       0x70 ./Core/Src/Fan_Controller.o
 .debug_frame   0x00000070       0x70 ./Core/Src/adc.o
 .debug_frame   0x000000e0       0x30 ./Core/Src/dma.o
 .debug_frame   0x00000110       0x30 ./Core/Src/gpio.o
 .debug_frame   0x00000140       0xe8 ./Core/Src/lcd.o
 .debug_frame   0x00000228       0xa4 ./Core/Src/main.o
 .debug_frame   0x000002cc       0x30 ./Core/Src/stm32g0xx_hal_msp.o
 .debug_frame   0x000002fc       0xd4 ./Core/Src/stm32g0xx_it.o
 .debug_frame   0x000003d0       0x4c ./Core/Src/system_stm32g0xx.o
 .debug_frame   0x0000041c       0x90 ./Core/Src/tim.o
 .debug_frame   0x000004ac      0x41c ./Drivers/STM32G0xx_HAL_Driver/Src/stm32g0xx_hal.o
 .debug_frame   0x000008c8      0x78c ./Drivers/STM32G0xx_HAL_Driver/Src/stm32g0xx_hal_adc.o
 .debug_frame   0x00001054      0x270 ./Drivers/STM32G0xx_HAL_Driver/Src/stm32g0xx_hal_adc_ex.o
 .debug_frame   0x000012c4      0x33c ./Drivers/STM32G0xx_HAL_Driver/Src/stm32g0xx_hal_cortex.o
 .debug_frame   0x00001600      0x1f0 ./Drivers/STM32G0xx_HAL_Driver/Src/stm32g0xx_hal_dma.o
 .debug_frame   0x000017f0      0x130 ./Drivers/STM32G0xx_HAL_Driver/Src/stm32g0xx_hal_gpio.o
 .debug_frame   0x00001920      0x3f4 ./Drivers/STM32G0xx_HAL_Driver/Src/stm32g0xx_hal_pwr_ex.o
 .debug_frame   0x00001d14      0x214 ./Drivers/STM32G0xx_HAL_Driver/Src/stm32g0xx_hal_rcc.o
 .debug_frame   0x00001f28      0x1c0 ./Drivers/STM32G0xx_HAL_Driver/Src/stm32g0xx_hal_rcc_ex.o
 .debug_frame   0x000020e8      0xf40 ./Drivers/STM32G0xx_HAL_Driver/Src/stm32g0xx_hal_tim.o
 .debug_frame   0x00003028      0x620 ./Drivers/STM32G0xx_HAL_Driver/Src/stm32g0xx_hal_tim_ex.o
 .debug_frame   0x00003648       0x20 C:/ST/STM32CubeIDE_1.17.0/STM32CubeIDE/plugins/com.st.stm32cube.ide.mcu.externaltools.gnu-tools-for-stm32.12.3.rel1.win32_1.1.0.202410251130/tools/bin/../lib/gcc/arm-none-eabi/12.3.1/../../../../arm-none-eabi/lib/thumb/v6-m/nofp\libc_nano.a(libc_a-memset.o)
 .debug_frame   0x00003668       0x2c C:/ST/STM32CubeIDE_1.17.0/STM32CubeIDE/plugins/com.st.stm32cube.ide.mcu.externaltools.gnu-tools-for-stm32.12.3.rel1.win32_1.1.0.202410251130/tools/bin/../lib/gcc/arm-none-eabi/12.3.1/../../../../arm-none-eabi/lib/thumb/v6-m/nofp\libc_nano.a(libc_a-init.o)
 .debug_frame   0x00003694       0x20 C:/ST/STM32CubeIDE_1.17.0/STM32CubeIDE/plugins/com.st.stm32cube.ide.mcu.externaltools.gnu-tools-for-stm32.12.3.rel1.win32_1.1.0.202410251130/tools/bin/../lib/gcc/arm-none-eabi/12.3.1/thumb/v6-m/nofp\libgcc.a(_udivsi3.o)
 .debug_frame   0x000036b4       0x20 C:/ST/STM32CubeIDE_1.17.0/STM32CubeIDE/plugins/com.st.stm32cube.ide.mcu.externaltools.gnu-tools-for-stm32.12.3.rel1.win32_1.1.0.202410251130/tools/bin/../lib/gcc/arm-none-eabi/12.3.1/thumb/v6-m/nofp\libgcc.a(_divsi3.o)

.debug_line_str
                0x00000000       0x60
 .debug_line_str
                0x00000000       0x60 ./Core/Startup/startup_stm32g0b1retx.o
